2025-06-09 17:21:17:    ▲ Next.js 15.2.4
2025-06-09 17:21:17:    ▲ Next.js 15.2.4
2025-06-09 17:21:17:    - Local:        http://localhost:3008
2025-06-09 17:21:17:    - Network:      http://10.0.9.63:3008
2025-06-09 17:21:17: 
2025-06-09 17:21:17:  ✓ Starting...
2025-06-09 17:21:17:    ▲ Next.js 15.2.4
2025-06-09 17:21:17:    - Local:        http://localhost:3008
2025-06-09 17:21:17:    - Network:      http://10.0.9.63:3008
2025-06-09 17:21:17: 
2025-06-09 17:21:17:  ✓ Starting...
2025-06-09 17:21:17:    - Local:        http://localhost:3008
2025-06-09 17:21:17:    - Network:      http://10.0.9.63:3008
2025-06-09 17:21:17: 
2025-06-09 17:21:17:  ✓ Starting...
2025-06-09 17:21:18:  ✓ Ready in 3s
2025-06-09 17:21:18:  ✓ Ready in 3.2s
2025-06-09 17:21:18:    ▲ Next.js 15.2.4
2025-06-09 17:21:18:  ✓ Ready in 2.6s
2025-06-09 17:21:18:    - Local:        http://localhost:3008
2025-06-09 17:21:18:    - Network:      http://10.0.9.63:3008
2025-06-09 17:21:18: 
2025-06-09 17:21:18:  ✓ Starting...
2025-06-09 17:21:19:  ✓ Ready in 2.4s
